2026-07-27 14:57:59,224 [INFO] Activator:176 - 


2026-07-27 14:57:59,226 [INFO] Activator:177 - !SESSION log4j initialized
2026-07-27 14:58:03,307 [INFO] LogOutputStream:77 - [STDOUT_REDIRECT] 
2026-07-27 14:58:06,684 [INFO] ApplicationProperties:184 - Using Application install path: C:\ST\STM32CubeIDE_1.19.0\STM32CubeIDE\plugins\com.st.stm32cube.common.mx_6.15.0.202507011659
2026-07-27 14:58:06,716 [INFO] DbMcusXml:78 - Set database path to: C:\ST\STM32CubeIDE_1.19.0\STM32CubeIDE\plugins\com.st.stm32cube.common.mx_6.15.0.202507011659\\db\/mcu/
2026-07-27 14:58:06,716 [INFO] ApiDb:274 - Set plugin database path to: C:\ST\STM32CubeIDE_1.19.0\STM32CubeIDE\plugins\com.st.stm32cube.common.mx_6.15.0.202507011659\\db\/plugins/boardmanager/
2026-07-27 14:58:06,718 [WARN] ApiDb:259 - Overriding images path with different value:  => C:\ST\STM32CubeIDE_1.19.0\STM32CubeIDE\plugins\com.st.stm32cube.common.mx_6.15.0.202507011659\\db\/plugins/mcufinder/images/
2026-07-27 14:58:08,930 [WARN] ApiFinderProperties:113 - C:\Users\MAITHRI\.stmcufinder\plugins\mcufinder\mcu\mcuFinder.mfd doesn't exist
2026-07-27 14:58:08,930 [INFO] ApiDb:250 - Set database path to: C:\Users\MAITHRI\.stmcufinder\plugins\mcufinder//mcu/
2026-07-27 14:58:08,930 [INFO] DbMcusAds:125 - Set database path to: C:\Users\MAITHRI\.stmcufinder\plugins\mcufinder//mcu/
2026-07-27 14:58:08,941 [INFO] CrossReferenceDbSqlite:203 - Set database path to: C:\Users\MAITHRI\.stmcufinder\plugins\mcufinder//mcu/cs/
2026-07-27 14:58:09,062 [INFO] RulesReader:64 - Compatibility file has been processed (317 Rules)
2026-07-27 14:58:09,164 [INFO] DbMcusXml:78 - Set database path to: C:\ST\STM32CubeIDE_1.19.0\STM32CubeIDE\plugins\com.st.stm32cube.common.mx_6.15.0.202507011659\\db\/mcu/
2026-07-27 14:58:09,164 [INFO] ApiDb:274 - Set plugin database path to: C:\ST\STM32CubeIDE_1.19.0\STM32CubeIDE\plugins\com.st.stm32cube.common.mx_6.15.0.202507011659\\db\/plugins/boardmanager/
2026-07-27 14:58:09,164 [INFO] ApiDb:261 - Set plugin images path to: C:\ST\STM32CubeIDE_1.19.0\STM32CubeIDE\plugins\com.st.stm32cube.common.mx_6.15.0.202507011659\\db\/plugins/mcufinder/images/
2026-07-27 14:58:09,164 [WARN] DbFile:41 - Overriding database path with different value: C:\Users\MAITHRI\.stmcufinder\plugins\mcufinder/ => C:\Users\MAITHRI\.stmcufinder\plugins\mcufinder
2026-07-27 14:58:09,164 [INFO] ApiDb:250 - Set database path to: C:\Users\MAITHRI\.stmcufinder\plugins\mcufinder//mcu/
2026-07-27 14:58:09,164 [WARN] DbFile:41 - Overriding database path with different value: C:\Users\MAITHRI\.stmcufinder\plugins\mcufinder/ => C:\Users\MAITHRI\.stmcufinder\plugins\mcufinder
2026-07-27 14:58:09,164 [INFO] DbMcusAds:125 - Set database path to: C:\Users\MAITHRI\.stmcufinder\plugins\mcufinder//mcu/
2026-07-27 14:58:09,164 [WARN] DbFile:41 - Overriding database path with different value: C:\Users\MAITHRI\.stmcufinder\plugins\mcufinder/ => C:\Users\MAITHRI\.stmcufinder\plugins\mcufinder
2026-07-27 14:58:09,164 [WARN] DbFile:41 - Overriding database path with different value: C:\Users\MAITHRI\.stmcufinder\plugins\mcufinder/ => C:\Users\MAITHRI\.stmcufinder\plugins\mcufinder
2026-07-27 14:58:09,164 [INFO] CrossReferenceDbSqlite:203 - Set database path to: C:\Users\MAITHRI\.stmcufinder\plugins\mcufinder//mcu/cs/
2026-07-27 14:58:09,251 [INFO] MainPanel:274 - HeapMemory: 268435456
2026-07-27 14:58:09,349 [INFO] DbMcusXml:78 - Set database path to: C:\ST\STM32CubeIDE_1.19.0\STM32CubeIDE\plugins\com.st.stm32cube.common.mx_6.15.0.202507011659\\db\/mcu/
2026-07-27 14:58:09,349 [INFO] ApiDb:274 - Set plugin database path to: C:\ST\STM32CubeIDE_1.19.0\STM32CubeIDE\plugins\com.st.stm32cube.common.mx_6.15.0.202507011659\\db\/plugins/boardmanager/
2026-07-27 14:58:09,349 [INFO] ApiDb:261 - Set plugin images path to: C:\ST\STM32CubeIDE_1.19.0\STM32CubeIDE\plugins\com.st.stm32cube.common.mx_6.15.0.202507011659\\db\/plugins/mcufinder/images/
2026-07-27 14:58:09,349 [WARN] DbFile:41 - Overriding database path with different value: C:\Users\MAITHRI\.stmcufinder\plugins\mcufinder/ => C:\Users\MAITHRI\.stmcufinder\plugins\mcufinder
2026-07-27 14:58:09,349 [INFO] ApiDb:250 - Set database path to: C:\Users\MAITHRI\.stmcufinder\plugins\mcufinder//mcu/
2026-07-27 14:58:09,349 [WARN] DbFile:41 - Overriding database path with different value: C:\Users\MAITHRI\.stmcufinder\plugins\mcufinder/ => C:\Users\MAITHRI\.stmcufinder\plugins\mcufinder
2026-07-27 14:58:09,349 [INFO] DbMcusAds:125 - Set database path to: C:\Users\MAITHRI\.stmcufinder\plugins\mcufinder//mcu/
2026-07-27 14:58:09,349 [WARN] DbFile:41 - Overriding database path with different value: C:\Users\MAITHRI\.stmcufinder\plugins\mcufinder/ => C:\Users\MAITHRI\.stmcufinder\plugins\mcufinder
2026-07-27 14:58:09,349 [WARN] DbFile:41 - Overriding database path with different value: C:\Users\MAITHRI\.stmcufinder\plugins\mcufinder/ => C:\Users\MAITHRI\.stmcufinder\plugins\mcufinder
2026-07-27 14:58:09,349 [INFO] CrossReferenceDbSqlite:203 - Set database path to: C:\Users\MAITHRI\.stmcufinder\plugins\mcufinder//mcu/cs/
2026-07-27 14:58:09,364 [INFO] ApplicationProperties:184 - Using Application install path: C:\ST\STM32CubeIDE_1.19.0\STM32CubeIDE\plugins\com.st.stm32cube.common.mx_6.15.0.202507011659
2026-07-27 14:58:09,364 [INFO] PluginManage:196 - Search for loadable plugins [exclusion list=, ]
2026-07-27 14:58:09,364 [INFO] PluginManage:310 - Check plugin analytics
2026-07-27 14:58:09,686 [INFO] AnalyticsPlugin:253 - Accepted Software Licenses: 
2026-07-27 14:58:09,686 [INFO] AnalyticsPlugin:255 - Accepted CMSIS Pack Licenses: 
2026-07-27 14:58:09,686 [INFO] AnalyticsPlugin:257 - Accepted Firmware Licenses: 
2026-07-27 14:58:09,692 [INFO] PluginManage:359 - Loaded plugin analytics (category:tool,tabindex:-1)
2026-07-27 14:58:09,692 [INFO] PluginManage:310 - Check plugin cadmodel
2026-07-27 14:58:09,699 [INFO] CADModel:105 - Init CAD model plugin
2026-07-27 14:58:09,699 [INFO] PluginManage:359 - Loaded plugin cadmodel (category:power,tabindex:5)
2026-07-27 14:58:09,699 [INFO] PluginManage:310 - Check plugin clock
2026-07-27 14:58:09,712 [INFO] PluginManage:359 - Loaded plugin clock (category:base,tabindex:2)
2026-07-27 14:58:09,712 [INFO] PluginManage:310 - Check plugin ddr
2026-07-27 14:58:09,712 [INFO] PluginManage:359 - Loaded plugin ddr (category:tool,tabindex:6)
2026-07-27 14:58:09,712 [INFO] PluginManage:310 - Check plugin filemanager
2026-07-27 14:58:09,907 [INFO] PluginManage:359 - Loaded plugin filemanager (category:base,tabindex:10)
2026-07-27 14:58:09,907 [INFO] PluginManage:310 - Check plugin ipmanager
2026-07-27 14:58:09,922 [INFO] PluginManage:359 - Loaded plugin ipmanager (category:base,tabindex:5)
2026-07-27 14:58:09,923 [INFO] PluginManage:310 - Check plugin lpbam
2026-07-27 14:58:09,931 [INFO] PluginManage:359 - Loaded plugin lpbam (category:base,tabindex:0)
2026-07-27 14:58:09,931 [INFO] PluginManage:310 - Check plugin memorymap
2026-07-27 14:58:09,936 [INFO] PluginManage:359 - Loaded plugin memorymap (category:base,tabindex:4)
2026-07-27 14:58:09,936 [INFO] PluginManage:310 - Check plugin pinoutandconfiguration
2026-07-27 14:58:09,956 [INFO] PluginManage:359 - Loaded plugin pinoutandconfiguration (category:base,tabindex:1)
2026-07-27 14:58:09,956 [INFO] PluginManage:310 - Check plugin pinoutconfig
2026-07-27 14:58:10,048 [WARN] SupportedApi:132 - Cannot load RTOS API schema: s4s-elt-must-match.1: The content of 'definitions' must match (annotation?, (simpleType | complexType)?, (unique | key | keyref)*)). A problem was found starting at: attribute.
2026-07-27 14:58:10,187 [INFO] PluginManage:359 - Loaded plugin pinoutconfig (category:base,tabindex:0)
2026-07-27 14:58:10,187 [INFO] PluginManage:310 - Check plugin power
2026-07-27 14:58:10,191 [INFO] PluginManage:359 - Loaded plugin power (category:power,tabindex:4)
2026-07-27 14:58:10,191 [INFO] PluginManage:310 - Check plugin projectmanager
2026-07-27 14:58:10,209 [INFO] PluginManage:359 - Loaded plugin projectmanager (category:projectmanager,tabindex:4)
2026-07-27 14:58:10,209 [INFO] PluginManage:310 - Check plugin rif
2026-07-27 14:58:10,233 [INFO] PluginManage:359 - Loaded plugin rif (category:base,tabindex:3)
2026-07-27 14:58:10,233 [INFO] PluginManage:310 - Check plugin thirdparty
2026-07-27 14:58:10,414 [WARN] IntegrityCheckThread:84 - waiting for thirdparty lock release [integrity check]
2026-07-27 14:58:10,417 [INFO] IntegrityCheckThread:86 - entering critical section [integrity check]
2026-07-27 14:58:10,417 [INFO] PluginManage:359 - Loaded plugin thirdparty (category:base,tabindex:-1)
2026-07-27 14:58:10,417 [INFO] PluginManage:310 - Check plugin tools
2026-07-27 14:58:10,417 [INFO] ThirdPartyUpdaterWithRetryManager:70 - Updater plugin not ready yet. [1/15]
2026-07-27 14:58:10,417 [INFO] PluginManage:359 - Loaded plugin tools (category:base,tabindex:7)
2026-07-27 14:58:10,417 [INFO] PluginManage:310 - Check plugin tutovideos
2026-07-27 14:58:10,653 [INFO] PluginManage:359 - Loaded plugin tutovideos (category:base,tabindex:-1)
2026-07-27 14:58:10,653 [INFO] PluginManage:310 - Check plugin updater
2026-07-27 14:58:10,669 [INFO] PluginManage:359 - Loaded plugin updater (category:base,tabindex:12)
2026-07-27 14:58:10,669 [INFO] PluginManage:310 - Check plugin userauth
2026-07-27 14:58:10,669 [INFO] UserAuth:118 - Init User Auth plugin
2026-07-27 14:58:10,669 [INFO] PluginManage:359 - Loaded plugin userauth (category:base,tabindex:14)
2026-07-27 14:58:10,685 [INFO] PluginManage:283 - PluginManage : Loaded plugins [18]
2026-07-27 14:58:10,909 [INFO] PinOutPanel:1589 - setPackage(No Configuration,No Configuration)
2026-07-27 14:58:11,005 [INFO] CADModel:165 - CPN selected for project level
2026-07-27 14:58:11,005 [INFO] CADModel:114 - Register for checkConnection events
2026-07-27 14:58:11,024 [INFO] IPUIPlugin:80 - create IPUIPlugin
2026-07-27 14:58:11,024 [INFO] PluginManager:220 - loadIPPluginJar : add adc
2026-07-27 14:58:11,037 [INFO] IPUIPlugin:80 - create IPUIPlugin
2026-07-27 14:58:11,037 [INFO] PluginManager:220 - loadIPPluginJar : add aes
2026-07-27 14:58:11,037 [INFO] IPUIPlugin:80 - create IPUIPlugin
2026-07-27 14:58:11,037 [INFO] PluginManager:220 - loadIPPluginJar : add can
2026-07-27 14:58:11,037 [INFO] IPUIPlugin:80 - create IPUIPlugin
2026-07-27 14:58:11,037 [INFO] PluginManager:220 - loadIPPluginJar : add comp
2026-07-27 14:58:11,037 [INFO] IPUIPlugin:80 - create IPUIPlugin
2026-07-27 14:58:11,037 [INFO] PluginManager:220 - loadIPPluginJar : add cryp
2026-07-27 14:58:11,037 [INFO] IPUIPlugin:80 - create IPUIPlugin
2026-07-27 14:58:11,037 [INFO] PluginManager:220 - loadIPPluginJar : add ddr_ctrl_phy
2026-07-27 14:58:11,037 [INFO] IPUIPlugin:80 - create IPUIPlugin
2026-07-27 14:58:11,037 [INFO] PluginManager:220 - loadIPPluginJar : add dfsdm
2026-07-27 14:58:11,057 [INFO] IPUIPlugin:80 - create IPUIPlugin
2026-07-27 14:58:11,057 [INFO] PluginManager:220 - loadIPPluginJar : add dma
2026-07-27 14:58:11,057 [INFO] IPUIPlugin:80 - create IPUIPlugin
2026-07-27 14:58:11,057 [INFO] PluginManager:220 - loadIPPluginJar : add dma3
2026-07-27 14:58:11,057 [INFO] IPUIPlugin:80 - create IPUIPlugin
2026-07-27 14:58:11,057 [INFO] PluginManager:220 - loadIPPluginJar : add extmemmanager
2026-07-27 14:58:11,057 [INFO] IPUIPlugin:80 - create IPUIPlugin
2026-07-27 14:58:11,057 [INFO] PluginManager:220 - loadIPPluginJar : add fatfs
2026-07-27 14:58:11,072 [INFO] IPUIPlugin:80 - create IPUIPlugin
2026-07-27 14:58:11,072 [INFO] PluginManager:220 - loadIPPluginJar : add fmc
2026-07-27 14:58:11,072 [INFO] IPUIPlugin:80 - create IPUIPlugin
2026-07-27 14:58:11,072 [INFO] PluginManager:220 - loadIPPluginJar : add freertos
2026-07-27 14:58:11,072 [INFO] IPUIPlugin:80 - create IPUIPlugin
2026-07-27 14:58:11,072 [INFO] PluginManager:220 - loadIPPluginJar : add genericplugin
2026-07-27 14:58:11,085 [INFO] IPUIPlugin:80 - create IPUIPlugin
2026-07-27 14:58:11,085 [INFO] PluginManager:220 - loadIPPluginJar : add gfxmmu
2026-07-27 14:58:11,085 [INFO] IPUIPlugin:80 - create IPUIPlugin
2026-07-27 14:58:11,085 [INFO] PluginManager:220 - loadIPPluginJar : add gic
2026-07-27 14:58:11,085 [INFO] IPUIPlugin:80 - create IPUIPlugin
2026-07-27 14:58:11,085 [INFO] PluginManager:220 - loadIPPluginJar : add gpio
2026-07-27 14:58:11,085 [INFO] IPUIPlugin:80 - create IPUIPlugin
2026-07-27 14:58:11,085 [INFO] PluginManager:220 - loadIPPluginJar : add gtzc
2026-07-27 14:58:11,101 [INFO] IPUIPlugin:80 - create IPUIPlugin
2026-07-27 14:58:11,101 [INFO] PluginManager:220 - loadIPPluginJar : add hash
2026-07-27 14:58:11,101 [INFO] IPUIPlugin:80 - create IPUIPlugin
2026-07-27 14:58:11,101 [INFO] PluginManager:220 - loadIPPluginJar : add i2c
2026-07-27 14:58:11,101 [INFO] IPUIPlugin:80 - create IPUIPlugin
2026-07-27 14:58:11,101 [INFO] PluginManager:220 - loadIPPluginJar : add i2s
2026-07-27 14:58:11,101 [INFO] IPUIPlugin:80 - create IPUIPlugin
2026-07-27 14:58:11,101 [INFO] PluginManager:220 - loadIPPluginJar : add i3c
2026-07-27 14:58:11,117 [INFO] IPUIPlugin:80 - create IPUIPlugin
2026-07-27 14:58:11,117 [INFO] PluginManager:220 - loadIPPluginJar : add ipddr
2026-07-27 14:58:11,117 [INFO] IPUIPlugin:80 - create IPUIPlugin
2026-07-27 14:58:11,117 [INFO] PluginManager:220 - loadIPPluginJar : add linkedlist
2026-07-27 14:58:11,117 [INFO] IPUIPlugin:80 - create IPUIPlugin
2026-07-27 14:58:11,117 [INFO] PluginManager:220 - loadIPPluginJar : add lorawan
2026-07-27 14:58:11,133 [INFO] IPUIPlugin:80 - create IPUIPlugin
2026-07-27 14:58:11,133 [INFO] PluginManager:220 - loadIPPluginJar : add ltdc
2026-07-27 14:58:11,137 [INFO] IPUIPlugin:80 - create IPUIPlugin
2026-07-27 14:58:11,137 [INFO] PluginManager:220 - loadIPPluginJar : add mdma
2026-07-27 14:58:11,137 [INFO] IPUIPlugin:80 - create IPUIPlugin
2026-07-27 14:58:11,137 [INFO] PluginManager:220 - loadIPPluginJar : add nvic
2026-07-27 14:58:11,149 [INFO] IPUIPlugin:80 - create IPUIPlugin
2026-07-27 14:58:11,149 [INFO] PluginManager:220 - loadIPPluginJar : add opamp
2026-07-27 14:58:11,149 [INFO] IPUIPlugin:80 - create IPUIPlugin
2026-07-27 14:58:11,149 [INFO] PluginManager:220 - loadIPPluginJar : add openamp
2026-07-27 14:58:11,149 [INFO] IPUIPlugin:80 - create IPUIPlugin
2026-07-27 14:58:11,149 [INFO] PluginManager:220 - loadIPPluginJar : add pdm2pcm
2026-07-27 14:58:11,149 [INFO] IPUIPlugin:80 - create IPUIPlugin
2026-07-27 14:58:11,164 [INFO] PluginManager:220 - loadIPPluginJar : add plateformsettings
2026-07-27 14:58:11,164 [INFO] IPUIPlugin:80 - create IPUIPlugin
2026-07-27 14:58:11,164 [INFO] PluginManager:220 - loadIPPluginJar : add quadspi
2026-07-27 14:58:11,168 [INFO] IPUIPlugin:80 - create IPUIPlugin
2026-07-27 14:58:11,168 [INFO] PluginManager:220 - loadIPPluginJar : add radio
2026-07-27 14:58:11,168 [INFO] IPUIPlugin:80 - create IPUIPlugin
2026-07-27 14:58:11,168 [INFO] PluginManager:220 - loadIPPluginJar : add resmgrutility
2026-07-27 14:58:11,168 [INFO] IPUIPlugin:80 - create IPUIPlugin
2026-07-27 14:58:11,168 [INFO] PluginManager:220 - loadIPPluginJar : add sai
2026-07-27 14:58:11,177 [INFO] IPUIPlugin:80 - create IPUIPlugin
2026-07-27 14:58:11,177 [INFO] PluginManager:220 - loadIPPluginJar : add spi
2026-07-27 14:58:11,181 [INFO] IPUIPlugin:80 - create IPUIPlugin
2026-07-27 14:58:11,181 [INFO] PluginManager:220 - loadIPPluginJar : add stm32_wpan
2026-07-27 14:58:11,181 [INFO] IPUIPlugin:80 - create IPUIPlugin
2026-07-27 14:58:11,181 [INFO] PluginManager:220 - loadIPPluginJar : add tim
2026-07-27 14:58:11,181 [INFO] IPUIPlugin:80 - create IPUIPlugin
2026-07-27 14:58:11,181 [INFO] PluginManager:220 - loadIPPluginJar : add touchsensing
2026-07-27 14:58:11,191 [INFO] IPUIPlugin:80 - create IPUIPlugin
2026-07-27 14:58:11,191 [INFO] PluginManager:220 - loadIPPluginJar : add tracer_emb
2026-07-27 14:58:11,191 [INFO] IPUIPlugin:80 - create IPUIPlugin
2026-07-27 14:58:11,191 [INFO] PluginManager:220 - loadIPPluginJar : add ts
2026-07-27 14:58:11,196 [INFO] IPUIPlugin:80 - create IPUIPlugin
2026-07-27 14:58:11,196 [INFO] PluginManager:220 - loadIPPluginJar : add tsc
2026-07-27 14:58:11,196 [INFO] IPUIPlugin:80 - create IPUIPlugin
2026-07-27 14:58:11,196 [INFO] PluginManager:220 - loadIPPluginJar : add ucpd
2026-07-27 14:58:11,196 [INFO] IPUIPlugin:80 - create IPUIPlugin
2026-07-27 14:58:11,196 [INFO] PluginManager:220 - loadIPPluginJar : add usart
2026-07-27 14:58:11,207 [INFO] IPUIPlugin:80 - create IPUIPlugin
2026-07-27 14:58:11,207 [INFO] PluginManager:220 - loadIPPluginJar : add usbx
2026-07-27 14:58:11,358 [FATAL] Updater:351 - Updater called before beeing initialized
2026-07-27 14:58:11,406 [INFO] RulesReader:64 - Compatibility file has been processed (317 Rules)
2026-07-27 14:58:11,419 [INFO] RulesReader:64 - Compatibility file has been processed (317 Rules)
2026-07-27 14:58:11,451 [INFO] CADModel:165 - CPN selected for project level
2026-07-27 14:58:11,451 [INFO] CADModel:114 - Register for checkConnection events
2026-07-27 14:58:11,451 [FATAL] Updater:351 - Updater called before beeing initialized
2026-07-27 14:58:11,451 [ERROR] CADModel:125 - Updater not yet initialized, retry later 
2026-07-27 14:58:11,673 [FATAL] Updater:351 - Updater called before beeing initialized
2026-07-27 14:58:11,673 [INFO] CADModel:165 - CPN selected for project level
2026-07-27 14:58:11,673 [INFO] CADModel:114 - Register for checkConnection events
2026-07-27 14:58:11,673 [FATAL] Updater:351 - Updater called before beeing initialized
2026-07-27 14:58:11,673 [ERROR] CADModel:125 - Updater not yet initialized, retry later 
2026-07-27 14:58:11,673 [FATAL] Updater:351 - Updater called before beeing initialized
2026-07-27 14:58:11,831 [FATAL] Updater:351 - Updater called before beeing initialized
2026-07-27 14:58:11,854 [INFO] DbMcusAds:53 - JSON generation date=Thu Sep 30 12:25:09 IST 2021 (1632984909247)
2026-07-27 14:58:11,854 [FATAL] Updater:351 - Updater called before beeing initialized
2026-07-27 14:58:11,895 [WARN] DetailPanel:346 - Failed to get advertising image, set to default
2026-07-27 14:58:11,994 [FATAL] Updater:351 - Updater called before beeing initialized
2026-07-27 14:58:11,994 [FATAL] Updater:351 - Updater called before beeing initialized
2026-07-27 14:58:11,994 [FATAL] Updater:351 - Updater called before beeing initialized
2026-07-27 14:58:11,994 [WARN] DetailPanel:346 - Failed to get advertising image, set to default
2026-07-27 14:58:11,994 [FATAL] Updater:351 - Updater called before beeing initialized
2026-07-27 14:58:12,055 [ERROR] Updater:1198 - MainUpdater not yet initialized. External WinMGr cannot be set.
2026-07-27 14:58:12,055 [INFO] Updater:1134 - Updater Version found : 6.15.0
2026-07-27 14:58:12,088 [INFO] ApplicationProperties:184 - Using Application install path: C:\ST\STM32CubeIDE_1.19.0\STM32CubeIDE\plugins\com.st.stm32cube.common.mx_6.15.0.202507011659
2026-07-27 14:58:13,435 [INFO] ThirdPartyUpdaterWithRetryManager:70 - Updater plugin not ready yet. [2/15]
2026-07-27 14:58:13,707 [ERROR] LogOutputStream:75 - [STDERR_REDIRECT] Jul 27, 2026 2:58:13 PM java.util.prefs.WindowsPreferences <init>
2026-07-27 14:58:13,707 [ERROR] LogOutputStream:75 - [STDERR_REDIRECT] WARNING: Could not open/create prefs root node Software\JavaSoft\Prefs at root 0xffffffff80000002. Windows RegCreateKeyEx(...) returned error code 5.
2026-07-27 14:58:13,707 [ERROR] LogOutputStream:75 - [STDERR_REDIRECT] 
2026-07-27 14:58:13,739 [INFO] MainUpdater:525 - Copy updater definitions from MX database
2026-07-27 14:58:13,818 [INFO] MainUpdater:558 - Copy flag file definitions from MX database
2026-07-27 14:58:13,838 [INFO] MainUpdater:574 - Copy thirdparty index definitions from MX database
2026-07-27 14:58:13,838 [INFO] MainUpdater:593 - Copy default thirdparty db definitions from MX database
2026-07-27 14:58:14,544 [INFO] MainUpdater:2872 - connection check result : 10
2026-07-27 14:58:14,546 [INFO] MainUpdater:3604 - Updater definition file requires update
2026-07-27 14:58:14,550 [INFO] MainUpdater:289 - Updater Check For Update Now.
2026-07-27 14:58:14,550 [INFO] MicroXplorer:498 - Change Database Version : DB.6.0.150
2026-07-27 14:58:14,561 [INFO] McuFinderGlobals:63 - Set McuFinder mode to 2 (CubeIDE integrated)
2026-07-27 14:58:14,561 [INFO] UserAuth:171 - activating auth plugin
2026-07-27 14:58:14,565 [INFO] UserAuth:487 - Internet connection configuration mode: 1
2026-07-27 14:58:14,603 [INFO] JxBrowserEngine:152 - Initiate JxBrowser Engine with user profile folder
2026-07-27 14:58:15,159 [INFO] ServerAccessManage:452 - Complete download http(s) 200
2026-07-27 14:58:15,162 [INFO] ServerAccessManage:509 - Download File updaters.zip
2026-07-27 14:58:15,456 [INFO] FileExtend:248 - Unzip File : updaters.zip
2026-07-27 14:58:15,456 [INFO] FileExtend:263 - Standard Zip Deflate
2026-07-27 14:58:16,446 [WARN] MainUpdater:1193 - Updater busy. Cannot search thirdparties
2026-07-27 14:58:16,446 [INFO] ThirdPartyUpdaterWithRetryManager:96 - Updater plugin is busy. [1/15]
2026-07-27 14:58:16,486 [INFO] ServerAccessManage:452 - Complete download http(s) 200
2026-07-27 14:58:16,487 [INFO] ServerAccessManage:509 - Download File PacksControlFlags.xml
2026-07-27 14:58:16,790 [INFO] ServerAccessManage:452 - Complete download http(s) 200
2026-07-27 14:58:16,791 [INFO] ServerAccessManage:509 - Download File cubemx.pidx
2026-07-27 14:58:17,162 [INFO] ServerAccessManage:452 - Complete download http(s) 200
2026-07-27 14:58:17,162 [INFO] ServerAccessManage:509 - Download File STMicroelectronics.FP-ATR-ASTRA1.pdsc
2026-07-27 14:58:18,142 [INFO] ServerAccessManage:452 - Complete download http(s) 200
2026-07-27 14:58:18,142 [INFO] ServerAccessManage:509 - Download File STMicroelectronics.FP-ATR-SIGFOX1.pdsc
2026-07-27 14:58:18,432 [INFO] ServerAccessManage:452 - Complete download http(s) 200
2026-07-27 14:58:18,432 [INFO] ServerAccessManage:509 - Download File STMicroelectronics.FP-SNS-STBOX1.pdsc
2026-07-27 14:58:18,858 [INFO] ServerAccessManage:452 - Complete download http(s) 200
2026-07-27 14:58:18,860 [INFO] ServerAccessManage:509 - Download File STMicroelectronics.FP-SNS-FLIGHT1.pdsc
2026-07-27 14:58:19,449 [WARN] MainUpdater:1193 - Updater busy. Cannot search thirdparties
2026-07-27 14:58:19,450 [INFO] ThirdPartyUpdaterWithRetryManager:96 - Updater plugin is busy. [2/15]
2026-07-27 14:58:19,639 [INFO] ServerAccessManage:452 - Complete download http(s) 200
2026-07-27 14:58:19,639 [INFO] ServerAccessManage:509 - Download File STMicroelectronics.FP-SNS-MOTENV1.pdsc
2026-07-27 14:58:19,950 [INFO] WebApp:169 - Instantiating new browser for Auth
2026-07-27 14:58:20,624 [INFO] ServerAccessManage:452 - Complete download http(s) 200
2026-07-27 14:58:20,624 [INFO] ServerAccessManage:509 - Download File STMicroelectronics.FP-SNS-MOTENVWB1.pdsc
2026-07-27 14:58:20,671 [INFO] WebApp:463 - Apply proxy settings
2026-07-27 14:58:20,672 [INFO] WebApp:548 - Chromium requires no authentication
2026-07-27 14:58:20,681 [INFO] WebApp:491 - Direct internet connection detected
2026-07-27 14:58:20,707 [INFO] WebApp:900 - Register for checkConnection events
2026-07-27 14:58:20,707 [INFO] WebApp:463 - Apply proxy settings
2026-07-27 14:58:20,707 [INFO] WebApp:548 - Chromium requires no authentication
2026-07-27 14:58:20,708 [INFO] WebApp:491 - Direct internet connection detected
2026-07-27 14:58:20,855 [INFO] WebApp:225 - Starting web application
2026-07-27 14:58:20,855 [INFO] WebApp:593 - Web application path used C:\ST\STM32CubeIDE_1.19.0\STM32CubeIDE\plugins\com.st.stm32cube.common.mx_6.15.0.202507011659\db\plugins\mcufinder\reactClient1\index.html
2026-07-27 14:58:21,181 [INFO] WebApp:191 - Connection restablished
2026-07-27 14:58:21,379 [INFO] ServerAccessManage:452 - Complete download http(s) 200
2026-07-27 14:58:21,379 [INFO] ServerAccessManage:509 - Download File STMicroelectronics.FP-SNS-SMARTAG2.pdsc
2026-07-27 14:58:21,779 [INFO] ServerAccessManage:452 - Complete download http(s) 200
2026-07-27 14:58:21,779 [INFO] ServerAccessManage:509 - Download File STMicroelectronics.FP-SNS-STAIOTCFT.pdsc
2026-07-27 14:58:22,275 [INFO] ServerAccessManage:452 - Complete download http(s) 200
2026-07-27 14:58:22,275 [INFO] ServerAccessManage:509 - Download File STMicroelectronics.X-CUBE-AI.pdsc
2026-07-27 14:58:22,451 [WARN] MainUpdater:1193 - Updater busy. Cannot search thirdparties
2026-07-27 14:58:22,451 [INFO] ThirdPartyUpdaterWithRetryManager:96 - Updater plugin is busy. [3/15]
2026-07-27 14:58:25,156 [INFO] ServerAccessManage:452 - Complete download http(s) 200
2026-07-27 14:58:25,156 [INFO] ServerAccessManage:509 - Download File STMicroelectronics.X-CUBE-ALS.pdsc
2026-07-27 14:58:25,452 [WARN] MainUpdater:1193 - Updater busy. Cannot search thirdparties
2026-07-27 14:58:25,452 [INFO] ThirdPartyUpdaterWithRetryManager:96 - Updater plugin is busy. [4/15]
2026-07-27 14:58:25,770 [INFO] ServerAccessManage:452 - Complete download http(s) 200
2026-07-27 14:58:25,770 [INFO] ServerAccessManage:509 - Download File STMicroelectronics.X-CUBE-BLE1.pdsc
2026-07-27 14:58:27,895 [ERROR] ServerAccessManage:1212 - Problem, file not found on Server
2026-07-27 14:58:28,028 [INFO] ServerAccessManage:452 - Complete download http(s) 200
2026-07-27 14:58:28,028 [INFO] ServerAccessManage:509 - Download File STMicroelectronics.X-CUBE-BLE2.pdsc
2026-07-27 14:58:28,453 [WARN] MainUpdater:1193 - Updater busy. Cannot search thirdparties
2026-07-27 14:58:28,453 [INFO] ThirdPartyUpdaterWithRetryManager:96 - Updater plugin is busy. [5/15]
2026-07-27 14:58:29,292 [INFO] ServerAccessManage:452 - Complete download http(s) 200
2026-07-27 14:58:29,293 [INFO] ServerAccessManage:509 - Download File STMicroelectronics.X-CUBE-BLEMGR.pdsc
2026-07-27 14:58:30,107 [ERROR] ServerAccessManage:1212 - Problem, file not found on Server
2026-07-27 14:58:31,419 [INFO] ServerAccessManage:452 - Complete download http(s) 200
2026-07-27 14:58:31,419 [INFO] ServerAccessManage:509 - Download File STMicroelectronics.X-CUBE-DISPLAY.pdsc
2026-07-27 14:58:31,455 [WARN] MainUpdater:1193 - Updater busy. Cannot search thirdparties
2026-07-27 14:58:31,455 [INFO] ThirdPartyUpdaterWithRetryManager:96 - Updater plugin is busy. [6/15]
2026-07-27 14:58:32,497 [INFO] ServerAccessManage:452 - Complete download http(s) 200
2026-07-27 14:58:32,498 [INFO] ServerAccessManage:509 - Download File STMicroelectronics.X-CUBE-DPOWER.pdsc
2026-07-27 14:58:33,171 [ERROR] ServerAccessManage:1212 - Problem, file not found on Server
2026-07-27 14:58:33,480 [ERROR] ServerAccessManage:1212 - Problem, file not found on Server
2026-07-27 14:58:34,197 [ERROR] ServerAccessManage:1212 - Problem, file not found on Server
2026-07-27 14:58:34,456 [WARN] MainUpdater:1193 - Updater busy. Cannot search thirdparties
2026-07-27 14:58:34,456 [INFO] ThirdPartyUpdaterWithRetryManager:96 - Updater plugin is busy. [7/15]
2026-07-27 14:58:35,012 [ERROR] ServerAccessManage:1212 - Problem, file not found on Server
2026-07-27 14:58:35,629 [ERROR] ServerAccessManage:1212 - Problem, file not found on Server
2026-07-27 14:58:36,244 [ERROR] ServerAccessManage:1212 - Problem, file not found on Server
2026-07-27 14:58:36,654 [ERROR] ServerAccessManage:1212 - Problem, file not found on Server
2026-07-27 14:58:37,359 [ERROR] ServerAccessManage:1212 - Problem, file not found on Server
2026-07-27 14:58:37,470 [WARN] MainUpdater:1193 - Updater busy. Cannot search thirdparties
2026-07-27 14:58:37,470 [INFO] ThirdPartyUpdaterWithRetryManager:96 - Updater plugin is busy. [8/15]
2026-07-27 14:58:37,678 [ERROR] ServerAccessManage:1212 - Problem, file not found on Server
2026-07-27 14:58:38,390 [ERROR] ServerAccessManage:1212 - Problem, file not found on Server
2026-07-27 14:58:38,835 [ERROR] ServerAccessManage:1212 - Problem, file not found on Server
2026-07-27 14:58:38,978 [INFO] ServerAccessManage:452 - Complete download http(s) 200
2026-07-27 14:58:38,978 [INFO] ServerAccessManage:509 - Download File STMicroelectronics.X-CUBE-EEPRMA1.pdsc
2026-07-27 14:58:39,532 [ERROR] ServerAccessManage:1212 - Problem, file not found on Server
2026-07-27 14:58:40,472 [WARN] MainUpdater:1193 - Updater busy. Cannot search thirdparties
2026-07-27 14:58:40,472 [INFO] ThirdPartyUpdaterWithRetryManager:96 - Updater plugin is busy. [9/15]
2026-07-27 14:58:40,508 [ERROR] ServerAccessManage:1212 - Problem, file not found on Server
2026-07-27 14:58:41,060 [INFO] ServerAccessManage:452 - Complete download http(s) 200
2026-07-27 14:58:41,060 [INFO] ServerAccessManage:509 - Download File STMicroelectronics.X-CUBE-FREERTOS.pdsc
2026-07-27 14:58:42,596 [INFO] ServerAccessManage:452 - Complete download http(s) 200
2026-07-27 14:58:42,596 [INFO] ServerAccessManage:509 - Download File STMicroelectronics.X-CUBE-GNSS1.pdsc
2026-07-27 14:58:43,483 [WARN] MainUpdater:1193 - Updater busy. Cannot search thirdparties
2026-07-27 14:58:43,483 [INFO] ThirdPartyUpdaterWithRetryManager:96 - Updater plugin is busy. [10/15]
2026-07-27 14:58:45,394 [ERROR] ServerAccessManage:1212 - Problem, file not found on Server
2026-07-27 14:58:46,069 [ERROR] ServerAccessManage:1212 - Problem, file not found on Server
2026-07-27 14:58:46,494 [WARN] MainUpdater:1193 - Updater busy. Cannot search thirdparties
2026-07-27 14:58:46,494 [INFO] ThirdPartyUpdaterWithRetryManager:96 - Updater plugin is busy. [11/15]
2026-07-27 14:58:46,686 [ERROR] ServerAccessManage:1212 - Problem, file not found on Server
2026-07-27 14:58:47,207 [ERROR] ServerAccessManage:1212 - Problem, file not found on Server
2026-07-27 14:58:47,811 [ERROR] ServerAccessManage:1212 - Problem, file not found on Server
2026-07-27 14:58:48,329 [ERROR] ServerAccessManage:1212 - Problem, file not found on Server
2026-07-27 14:58:48,456 [INFO] ServerAccessManage:452 - Complete download http(s) 200
2026-07-27 14:58:48,456 [INFO] ServerAccessManage:509 - Download File STMicroelectronics.X-CUBE-ISPU.pdsc
2026-07-27 14:58:49,171 [INFO] ServerAccessManage:452 - Complete download http(s) 200
2026-07-27 14:58:49,171 [INFO] ServerAccessManage:509 - Download File STMicroelectronics.X-CUBE-IPS.pdsc
2026-07-27 14:58:49,503 [WARN] MainUpdater:1193 - Updater busy. Cannot search thirdparties
2026-07-27 14:58:49,503 [INFO] ThirdPartyUpdaterWithRetryManager:96 - Updater plugin is busy. [12/15]
2026-07-27 14:58:49,940 [INFO] ServerAccessManage:452 - Complete download http(s) 200
2026-07-27 14:58:49,940 [INFO] ServerAccessManage:509 - Download File STMicroelectronics.X-CUBE-MEMS1.pdsc
2026-07-27 14:58:52,509 [WARN] MainUpdater:1193 - Updater busy. Cannot search thirdparties
2026-07-27 14:58:52,509 [INFO] ThirdPartyUpdaterWithRetryManager:96 - Updater plugin is busy. [13/15]
2026-07-27 14:58:54,529 [INFO] ServerAccessManage:452 - Complete download http(s) 200
2026-07-27 14:58:54,529 [INFO] ServerAccessManage:509 - Download File STMicroelectronics.X-CUBE-NFC4.pdsc
2026-07-27 14:58:55,516 [WARN] MainUpdater:1193 - Updater busy. Cannot search thirdparties
2026-07-27 14:58:55,516 [INFO] ThirdPartyUpdaterWithRetryManager:96 - Updater plugin is busy. [14/15]
2026-07-27 14:58:56,311 [INFO] ServerAccessManage:452 - Complete download http(s) 200
2026-07-27 14:58:56,311 [INFO] ServerAccessManage:509 - Download File STMicroelectronics.X-CUBE-NFC6.pdsc
2026-07-27 14:58:56,933 [INFO] ServerAccessManage:452 - Complete download http(s) 200
2026-07-27 14:58:56,933 [INFO] ServerAccessManage:509 - Download File STMicroelectronics.X-CUBE-NFC7.pdsc
2026-07-27 14:58:57,510 [INFO] ServerAccessManage:452 - Complete download http(s) 200
2026-07-27 14:58:57,510 [INFO] ServerAccessManage:509 - Download File STMicroelectronics.X-CUBE-NFC9.pdsc
2026-07-27 14:58:57,827 [INFO] ServerAccessManage:452 - Complete download http(s) 200
2026-07-27 14:58:57,827 [INFO] ServerAccessManage:509 - Download File STMicroelectronics.X-CUBE-NFC10.pdsc
2026-07-27 14:58:58,070 [INFO] ServerAccessManage:452 - Complete download http(s) 200
2026-07-27 14:58:58,070 [INFO] ServerAccessManage:509 - Download File STMicroelectronics.X-CUBE-NFC12.pdsc
2026-07-27 14:58:58,390 [INFO] ServerAccessManage:452 - Complete download http(s) 200
2026-07-27 14:58:58,390 [INFO] ServerAccessManage:509 - Download File STMicroelectronics.X-CUBE-NFC13.pdsc
2026-07-27 14:58:58,532 [WARN] MainUpdater:1193 - Updater busy. Cannot search thirdparties
2026-07-27 14:58:58,532 [INFO] ThirdPartyUpdaterWithRetryManager:96 - Updater plugin is busy. [15/15]
2026-07-27 14:58:58,532 [ERROR] IntegrityCheckThread:130 - Cannot retrieve database content from updater: error -1
2026-07-27 14:58:58,532 [INFO] ThirdParty:978 - Integrity check success = false
2026-07-27 14:58:58,532 [INFO] IntegrityCheckThread:100 - exiting critical section [integrity check]
2026-07-27 14:58:58,532 [INFO] IntegrityCheckThread:103 - End integrity checks thread
2026-07-27 14:58:58,773 [INFO] ServerAccessManage:452 - Complete download http(s) 200
2026-07-27 14:58:58,773 [INFO] ServerAccessManage:509 - Download File STMicroelectronics.X-CUBE-SFXS2LP1.pdsc
2026-07-27 14:58:59,523 [INFO] ServerAccessManage:452 - Complete download http(s) 200
2026-07-27 14:58:59,523 [INFO] ServerAccessManage:509 - Download File STMicroelectronics.X-CUBE-SUBG2.pdsc
2026-07-27 14:59:00,911 [INFO] ServerAccessManage:452 - Complete download http(s) 200
2026-07-27 14:59:00,911 [INFO] ServerAccessManage:509 - Download File STMicroelectronics.X-CUBE-SMBUS.pdsc
2026-07-27 14:59:01,855 [ERROR] ServerAccessManage:1212 - Problem, file not found on Server
2026-07-27 14:59:01,960 [INFO] ServerAccessManage:452 - Complete download http(s) 200
2026-07-27 14:59:01,960 [INFO] ServerAccessManage:509 - Download File STMicroelectronics.X-CUBE-ST60.pdsc
2026-07-27 14:59:02,342 [INFO] ServerAccessManage:452 - Complete download http(s) 200
2026-07-27 14:59:02,342 [INFO] ServerAccessManage:509 - Download File STMicroelectronics.X-CUBE-ST67W61.pdsc
2026-07-27 14:59:02,729 [INFO] ServerAccessManage:452 - Complete download http(s) 200
2026-07-27 14:59:02,729 [INFO] ServerAccessManage:509 - Download File STMicroelectronics.X-CUBE-STSE01.pdsc
2026-07-27 14:59:03,204 [INFO] ServerAccessManage:452 - Complete download http(s) 200
2026-07-27 14:59:03,204 [INFO] ServerAccessManage:509 - Download File STMicroelectronics.X-CUBE-PM33A1.pdsc
2026-07-27 14:59:03,473 [INFO] ServerAccessManage:452 - Complete download http(s) 200
2026-07-27 14:59:03,473 [INFO] ServerAccessManage:509 - Download File STMicroelectronics.X-CUBE-TCPP.pdsc
2026-07-27 14:59:03,807 [INFO] ServerAccessManage:452 - Complete download http(s) 200
2026-07-27 14:59:03,807 [INFO] ServerAccessManage:509 - Download File STMicroelectronics.X-CUBE-TOF1.pdsc
2026-07-27 14:59:05,667 [ERROR] ServerAccessManage:1212 - Problem, file not found on Server
2026-07-27 14:59:06,076 [INFO] ServerAccessManage:452 - Complete download http(s) 200
2026-07-27 14:59:06,076 [INFO] ServerAccessManage:509 - Download File STMicroelectronics.X-CUBE-TOUCHGFX.pdsc
2026-07-27 14:59:09,499 [INFO] ServerAccessManage:452 - Complete download http(s) 200
2026-07-27 14:59:09,499 [INFO] ServerAccessManage:509 - Download File STMicroelectronics.X-CUBE-ALGOBUILD.pdsc
2026-07-27 14:59:11,478 [INFO] ServerAccessManage:452 - Complete download http(s) 200
2026-07-27 14:59:11,478 [INFO] ServerAccessManage:509 - Download File STMicroelectronics.X-CUBE-AZRTOS-H7.pdsc
2026-07-27 14:59:13,133 [INFO] ServerAccessManage:452 - Complete download http(s) 200
2026-07-27 14:59:13,133 [INFO] ServerAccessManage:509 - Download File STMicroelectronics.X-CUBE-AZRTOS-H7RS.pdsc
2026-07-27 14:59:14,135 [INFO] ServerAccessManage:452 - Complete download http(s) 200
2026-07-27 14:59:14,137 [INFO] ServerAccessManage:509 - Download File STMicroelectronics.X-CUBE-AZRTOS-F4.pdsc
2026-07-27 14:59:15,020 [INFO] ServerAccessManage:452 - Complete download http(s) 200
2026-07-27 14:59:15,022 [INFO] ServerAccessManage:509 - Download File STMicroelectronics.X-CUBE-AZRTOS-F7.pdsc
2026-07-27 14:59:15,622 [INFO] ServerAccessManage:452 - Complete download http(s) 200
2026-07-27 14:59:15,622 [INFO] ServerAccessManage:509 - Download File STMicroelectronics.X-CUBE-AZRTOS-L4.pdsc
2026-07-27 14:59:16,358 [INFO] ServerAccessManage:452 - Complete download http(s) 200
2026-07-27 14:59:16,358 [INFO] ServerAccessManage:509 - Download File STMicroelectronics.X-CUBE-AZRTOS-L5.pdsc
2026-07-27 14:59:17,266 [INFO] ServerAccessManage:452 - Complete download http(s) 200
2026-07-27 14:59:17,266 [INFO] ServerAccessManage:509 - Download File STMicroelectronics.X-CUBE-AZRTOS-G0.pdsc
2026-07-27 14:59:18,145 [INFO] ServerAccessManage:452 - Complete download http(s) 200
2026-07-27 14:59:18,145 [INFO] ServerAccessManage:509 - Download File STMicroelectronics.X-CUBE-AZRTOS-G4.pdsc
2026-07-27 14:59:19,353 [INFO] ServerAccessManage:452 - Complete download http(s) 200
2026-07-27 14:59:19,357 [INFO] ServerAccessManage:509 - Download File STMicroelectronics.X-CUBE-AZRTOS-WB.pdsc
2026-07-27 14:59:26,058 [INFO] ServerAccessManage:452 - Complete download http(s) 200
2026-07-27 14:59:26,058 [INFO] ServerAccessManage:509 - Download File STMicroelectronics.X-CUBE-AZRTOS-WL.pdsc
2026-07-27 14:59:47,472 [INFO] ServerAccessManage:452 - Complete download http(s) 200
2026-07-27 14:59:47,472 [INFO] ServerAccessManage:509 - Download File STMicroelectronics.X-CUBE-WB05N.pdsc
2026-07-27 14:59:53,729 [INFO] ServerAccessManage:452 - Complete download http(s) 200
2026-07-27 14:59:53,729 [INFO] ServerAccessManage:509 - Download File STMicroelectronics.X-CUBE-WBA.pdsc
2026-07-27 15:00:27,539 [INFO] ServerAccessManage:452 - Complete download http(s) 200
2026-07-27 15:00:27,539 [INFO] ServerAccessManage:509 - Download File STMicroelectronics.eDS-WB_DPC_VIENNA.pdsc
2026-07-27 15:00:35,424 [ERROR] ServerAccessManage:1212 - Problem, file not found on Server
2026-07-27 15:00:40,005 [ERROR] ServerAccessManage:1212 - Problem, file not found on Server
2026-07-27 15:00:51,967 [ERROR] ServerAccessManage:1212 - Problem, file not found on Server
2026-07-27 15:00:58,823 [ERROR] ServerAccessManage:1212 - Problem, file not found on Server
2026-07-27 15:01:06,721 [ERROR] ServerAccessManage:1212 - Problem, file not found on Server
2026-07-27 15:01:09,381 [INFO] ServerAccessManage:452 - Complete download http(s) 200
2026-07-27 15:01:09,381 [INFO] ServerAccessManage:509 - Download File STMicroelectronics.eDS-WB_DPC_TT-BIDIR.pdsc
2026-07-27 15:01:13,117 [ERROR] ServerAccessManage:1212 - Problem, file not found on Server
2026-07-27 15:01:14,598 [ERROR] ServerAccessManage:1212 - Problem, file not found on Server
2026-07-27 15:01:16,573 [ERROR] ServerAccessManage:1212 - Problem, file not found on Server
2026-07-27 15:01:19,805 [ERROR] ServerAccessManage:1212 - Problem, file not found on Server
2026-07-27 15:01:21,878 [INFO] ServerAccessManage:452 - Complete download http(s) 200
2026-07-27 15:01:21,878 [INFO] ServerAccessManage:509 - Download File STMicroelectronics.eDS-WB_DPC_3PH2L-BIDIR.pdsc
2026-07-27 15:01:28,841 [ERROR] ServerAccessManage:1212 - Problem, file not found on Server
2026-07-27 15:01:51,421 [ERROR] ServerAccessManage:1212 - Problem, file not found on Server
2026-07-27 15:02:03,006 [ERROR] ServerAccessManage:1269 - Warning during Server Connection :  Unknown host www.wolfssl.com
2026-07-27 15:02:03,006 [ERROR] ServerAccessManage:740 - Unknown host server name. : wolfSSL.I-CUBE-wolfSSL.pdsc.
2026-07-27 15:02:03,006 [ERROR] ServerAccessManage:1269 - Warning during Server Connection :  Unknown host www.wolfssl.com
2026-07-27 15:02:03,006 [ERROR] ServerAccessManage:740 - Unknown host server name. : wolfSSL.I-CUBE-wolfMQTT.pdsc.
2026-07-27 15:02:03,006 [ERROR] ServerAccessManage:1269 - Warning during Server Connection :  Unknown host www.wolfssl.com
2026-07-27 15:02:03,006 [ERROR] ServerAccessManage:740 - Unknown host server name. : wolfSSL.I-CUBE-wolfTPM.pdsc.
2026-07-27 15:02:03,006 [ERROR] ServerAccessManage:1269 - Warning during Server Connection :  Unknown host www.wolfssl.com
2026-07-27 15:02:03,006 [ERROR] ServerAccessManage:740 - Unknown host server name. : wolfSSL.I-CUBE-wolfSSH.pdsc.
2026-07-27 15:02:26,586 [INFO] ServerAccessManage:452 - Complete download http(s) 200
2026-07-27 15:02:26,586 [INFO] ServerAccessManage:509 - Download File RealThread.X-CUBE-RT-Thread_Nano.pdsc
2026-07-27 15:02:32,465 [INFO] ServerAccessManage:452 - Complete download http(s) 200
2026-07-27 15:02:32,466 [INFO] ServerAccessManage:509 - Download File SEGGER.I-CUBE-embOS.pdsc
2026-07-27 15:02:49,158 [INFO] ServerAccessManage:452 - Complete download http(s) 200
2026-07-27 15:02:49,162 [INFO] ServerAccessManage:509 - Download File emotas.I-CUBE-CANOPEN.pdsc
2026-07-27 15:02:53,983 [INFO] ServerAccessManage:452 - Complete download http(s) 200
2026-07-27 15:02:53,983 [INFO] ServerAccessManage:509 - Download File WES.I-CUBE-Cesium.pdsc
2026-07-27 15:03:01,739 [ERROR] ServerAccessManage:1212 - Problem, file not found on Server
2026-07-27 15:03:04,151 [ERROR] ServerAccessManage:1212 - Problem, file not found on Server
2026-07-27 15:03:09,443 [INFO] ServerAccessManage:452 - Complete download http(s) 200
2026-07-27 15:03:09,443 [INFO] ServerAccessManage:509 - Download File ITTIA_DB.I-CUBE-ITTIADB.pdsc
2026-07-27 15:03:54,500 [INFO] ServerAccessManage:452 - Complete download http(s) 200
2026-07-27 15:03:54,503 [INFO] ServerAccessManage:509 - Download File Infineon.AIROC-Wi-Fi-Bluetooth-STM32.pdsc
2026-07-27 15:04:01,164 [INFO] ServerAccessManage:452 - Complete download http(s) 200
2026-07-27 15:04:01,164 [INFO] ServerAccessManage:509 - Download File Cesanta.I-CUBE-Mongoose.pdsc
2026-07-27 15:04:09,549 [INFO] ServerAccessManage:452 - Complete download http(s) 200
2026-07-27 15:04:09,549 [INFO] ServerAccessManage:509 - Download File EmbeddedOffice.I-CUBE-FS-RTOS.pdsc
2026-07-27 15:04:13,753 [INFO] ServerAccessManage:452 - Complete download http(s) 200
2026-07-27 15:04:13,753 [INFO] ServerAccessManage:509 - Download File quantropi.X-CUBE-qispace-sdk-base.pdsc
2026-07-27 15:04:21,431 [INFO] ServerAccessManage:452 - Complete download http(s) 200
2026-07-27 15:04:21,431 [INFO] ServerAccessManage:509 - Download File Avnet-IOTCONNECT.X-CUBE-iotc-st67-sdk.pdsc
2026-07-27 15:04:21,630 [WARN] CheckServerUpdateThread:151 - Open CheckUpdateFile Fail
2026-07-27 15:04:21,649 [WARN] PackLoader:240 - Cannot read IP mode file for STMicroelectronics.FP-ATR-ASTRA1.2.0.3
2026-07-27 15:04:21,672 [WARN] PackLoader:240 - Cannot read IP mode file for STMicroelectronics.FP-ATR-SIGFOX1.3.2.0
2026-07-27 15:04:21,718 [WARN] PackLoader:240 - Cannot read IP mode file for STMicroelectronics.FP-SNS-STBOX1.2.1.0
2026-07-27 15:04:21,747 [WARN] PackLoader:240 - Cannot read IP mode file for STMicroelectronics.FP-SNS-FLIGHT1.5.1.0
2026-07-27 15:04:21,796 [WARN] PackLoader:240 - Cannot read IP mode file for STMicroelectronics.FP-SNS-MOTENV1.5.1.0
2026-07-27 15:04:21,804 [WARN] PackLoader:240 - Cannot read IP mode file for STMicroelectronics.FP-SNS-MOTENVWB1.1.5.0
2026-07-27 15:04:21,818 [INFO] CheckServerUpdateThread:120 - End of CheckServer Thread
2026-07-27 15:04:21,818 [WARN] PackLoader:240 - Cannot read IP mode file for STMicroelectronics.FP-SNS-SMARTAG2.1.2.0
2026-07-27 15:04:21,839 [WARN] PackLoader:240 - Cannot read IP mode file for STMicroelectronics.FP-SNS-STAIOTCFT.1.1.0
2026-07-27 15:04:21,852 [WARN] PackLoader:240 - Cannot read IP mode file for STMicroelectronics.X-CUBE-AI.10.2.1
2026-07-27 15:04:21,859 [WARN] PackLoader:240 - Cannot read IP mode file for STMicroelectronics.X-CUBE-ALS.1.0.2
2026-07-27 15:04:21,879 [WARN] PackLoader:240 - Cannot read IP mode file for STMicroelectronics.X-CUBE-BLE1.7.1.0
2026-07-27 15:04:21,882 [WARN] PackLoader:240 - Cannot read IP mode file for STMicroelectronics.X-CUBE-BLE2.3.3.0
2026-07-27 15:04:21,889 [WARN] PopulateThirdPartyThread:106 - Error when creating pack: C:/Users/MAITHRI/.stm32cubemx/thirdparties/pdsc/STMicroelectronics.X-CUBE-BLEMGR.pdsc
2026-07-27 15:04:21,907 [WARN] PackLoader:240 - Cannot read IP mode file for STMicroelectronics.X-CUBE-DISPLAY.3.0.0
2026-07-27 15:04:21,932 [WARN] PackLoader:240 - Cannot read IP mode file for STMicroelectronics.X-CUBE-DPower.1.3.0
2026-07-27 15:04:21,938 [WARN] PackLoader:240 - Cannot read IP mode file for STMicroelectronics.X-CUBE-EEPRMA1.5.2.0
2026-07-27 15:04:21,957 [WARN] PackLoader:240 - Cannot read IP mode file for STMicroelectronics.X-CUBE-FREERTOS.1.6.0
2026-07-27 15:04:21,970 [WARN] PackLoader:240 - Cannot read IP mode file for STMicroelectronics.X-CUBE-GNSS1.7.1.1
2026-07-27 15:04:21,980 [WARN] PackLoader:240 - Cannot read IP mode file for STMicroelectronics.X-CUBE-ISPU.2.1.0
2026-07-27 15:04:22,002 [WARN] PackLoader:240 - Cannot read IP mode file for STMicroelectronics.X-CUBE-IPS.3.2.0
2026-07-27 15:04:22,103 [WARN] PackLoader:240 - Cannot read IP mode file for STMicroelectronics.X-CUBE-MEMS1.12.1.0
2026-07-27 15:04:22,238 [WARN] PackLoader:240 - Cannot read IP mode file for STMicroelectronics.X-CUBE-NFC4.3.0.0
2026-07-27 15:04:22,246 [WARN] PackLoader:240 - Cannot read IP mode file for STMicroelectronics.X-CUBE-NFC6.3.2.0
2026-07-27 15:04:22,262 [WARN] PackLoader:240 - Cannot read IP mode file for STMicroelectronics.X-CUBE-NFC7.2.0.0
2026-07-27 15:04:22,269 [WARN] PackLoader:240 - Cannot read IP mode file for STMicroelectronics.X-CUBE-NFC9.1.0.0
2026-07-27 15:04:22,286 [WARN] PackLoader:240 - Cannot read IP mode file for STMicroelectronics.X-CUBE-NFC10.1.0.0
2026-07-27 15:04:22,305 [WARN] PackLoader:240 - Cannot read IP mode file for STMicroelectronics.X-CUBE-NFC12.1.0.0
2026-07-27 15:04:22,327 [WARN] PackLoader:240 - Cannot read IP mode file for STMicroelectronics.X-CUBE-NFC13.1.0.0
2026-07-27 15:04:22,351 [WARN] PackLoader:240 - Cannot read IP mode file for STMicroelectronics.X-CUBE-SFXS2LP1.4.0.0
2026-07-27 15:04:22,382 [WARN] PackLoader:240 - Cannot read IP mode file for STMicroelectronics.X-CUBE-SUBG2.5.0.0
2026-07-27 15:04:22,391 [WARN] PopulateThirdPartyThread:106 - Error when creating pack: C:/Users/MAITHRI/.stm32cubemx/thirdparties/pdsc/STMicroelectronics.X-CUBE-SMBUS.pdsc
2026-07-27 15:04:22,407 [WARN] PackLoader:240 - Cannot read IP mode file for STMicroelectronics.X-CUBE-ST60.1.1.0
2026-07-27 15:04:22,417 [WARN] PopulateThirdPartyThread:106 - Error when creating pack: C:/Users/MAITHRI/.stm32cubemx/thirdparties/pdsc/STMicroelectronics.X-CUBE-ST67W61.pdsc
2026-07-27 15:04:22,437 [WARN] PackLoader:240 - Cannot read IP mode file for STMicroelectronics.X-CUBE-STSE01.2.0.0
2026-07-27 15:04:22,451 [WARN] PackLoader:240 - Cannot read IP mode file for STMicroelectronics.X-CUBE-PM33A1.1.0.0
2026-07-27 15:04:22,468 [WARN] PackLoader:240 - Cannot read IP mode file for STMicroelectronics.X-CUBE-TCPP.4.2.0
2026-07-27 15:04:22,521 [WARN] PackLoader:240 - Cannot read IP mode file for STMicroelectronics.X-CUBE-TOF1.3.4.3
2026-07-27 15:04:22,548 [WARN] PackLoader:240 - Cannot read IP mode file for STMicroelectronics.X-CUBE-TOUCHGFX.4.26.1
2026-07-27 15:04:22,563 [WARN] PackLoader:240 - Cannot read IP mode file for STMicroelectronics.X-CUBE-ALGOBUILD.1.5.0
2026-07-27 15:04:22,603 [WARN] PackLoader:240 - Cannot read IP mode file for STMicroelectronics.X-CUBE-AZRTOS-H7.3.5.0
2026-07-27 15:04:22,633 [WARN] PackLoader:240 - Cannot read IP mode file for STMicroelectronics.X-CUBE-AZRTOS-H7RS.1.3.0
2026-07-27 15:04:22,671 [WARN] PackLoader:240 - Cannot read IP mode file for STMicroelectronics.X-CUBE-AZRTOS-F4.1.1.0
2026-07-27 15:04:22,697 [WARN] PackLoader:240 - Cannot read IP mode file for STMicroelectronics.X-CUBE-AZRTOS-F7.1.1.0
2026-07-27 15:04:22,723 [WARN] ConditionMgr:438 - getConditionDescription Invalid condition id : LAN8742 Phy interface Condition cause : null
2026-07-27 15:04:22,723 [WARN] PackLoader:240 - Cannot read IP mode file for STMicroelectronics.X-CUBE-AZRTOS-L4.2.0.0
2026-07-27 15:04:22,723 [WARN] ConditionMgr:1044 - genDependencies : Invalid condition id : LAN8742 Phy interface Condition cause : null
2026-07-27 15:04:22,723 [WARN] ConditionMgr:1044 - genDependencies : Invalid condition id : LAN8742 Phy interface Condition cause : null
2026-07-27 15:04:22,730 [WARN] ConditionMgr:1044 - genDependencies : Invalid condition id : LAN8742 Phy interface Condition cause : null
2026-07-27 15:04:22,755 [WARN] PackLoader:240 - Cannot read IP mode file for STMicroelectronics.X-CUBE-AZRTOS-L5.2.0.0
2026-07-27 15:04:22,786 [WARN] PackLoader:240 - Cannot read IP mode file for STMicroelectronics.X-CUBE-AZRTOS-G0.1.1.0
2026-07-27 15:04:22,810 [WARN] PackLoader:240 - Cannot read IP mode file for STMicroelectronics.X-CUBE-AZRTOS-G4.2.0.0
2026-07-27 15:04:22,827 [WARN] ConditionMgr:438 - getConditionDescription Invalid condition id : UX DEVICE CLASS RTOS Condition cause : null
2026-07-27 15:04:22,827 [WARN] ConditionMgr:438 - getConditionDescription Invalid condition id : UX DEVICE CLASS RTOS Condition cause : null
2026-07-27 15:04:22,831 [WARN] PackLoader:240 - Cannot read IP mode file for STMicroelectronics.X-CUBE-AZRTOS-WB.2.0.0
2026-07-27 15:04:22,831 [WARN] ConditionMgr:1044 - genDependencies : Invalid condition id : UX DEVICE CLASS RTOS Condition cause : null
2026-07-27 15:04:22,833 [WARN] ConditionMgr:1044 - genDependencies : Invalid condition id : UX DEVICE CLASS RTOS Condition cause : null
2026-07-27 15:04:22,833 [WARN] ConditionMgr:1044 - genDependencies : Invalid condition id : UX DEVICE CLASS RTOS Condition cause : null
2026-07-27 15:04:22,833 [WARN] ConditionMgr:1044 - genDependencies : Invalid condition id : UX DEVICE CLASS RTOS Condition cause : null
2026-07-27 15:04:22,833 [WARN] ConditionMgr:1044 - genDependencies : Invalid condition id : UX DEVICE CLASS RTOS Condition cause : null
2026-07-27 15:04:22,845 [INFO] LogOutputStream:77 - [STDOUT_REDIRECT] 1 : Invalid condition id : UX_CORESTACK_Condition cause : null
2026-07-27 15:04:22,851 [INFO] LogOutputStream:77 - [STDOUT_REDIRECT] 1 : Invalid condition id : UX_CORESTACK_Condition cause : null
2026-07-27 15:04:22,855 [INFO] LogOutputStream:77 - [STDOUT_REDIRECT] 1 : Invalid condition id : UX_CORESTACK_Condition cause : null
2026-07-27 15:04:22,855 [INFO] LogOutputStream:77 - [STDOUT_REDIRECT] 1 : Invalid condition id : UX_CORESTACK_Condition cause : null
2026-07-27 15:04:22,862 [INFO] LogOutputStream:77 - [STDOUT_REDIRECT] 1 : Invalid condition id : UX_CORESTACK_Condition cause : null
2026-07-27 15:04:22,865 [WARN] PackLoader:240 - Cannot read IP mode file for STMicroelectronics.X-CUBE-AZRTOS-WL.2.0.0
2026-07-27 15:04:22,879 [WARN] PackLoader:240 - Cannot read IP mode file for STMicroelectronics.X-CUBE-WB05N.2.1.0
2026-07-27 15:04:22,888 [WARN] PopulateThirdPartyThread:106 - Error when creating pack: C:/Users/MAITHRI/.stm32cubemx/thirdparties/pdsc/STMicroelectronics.X-CUBE-WBA.pdsc
2026-07-27 15:04:22,902 [WARN] PackLoader:240 - Cannot read IP mode file for STMicroelectronics.eDS-WB_DPC_VIENNA.1.2.0
2026-07-27 15:04:22,911 [WARN] PackLoader:240 - Cannot read IP mode file for STMicroelectronics.eDS-WB_DPC_TT-BIDIR.2.1.1
2026-07-27 15:04:22,927 [WARN] PackLoader:240 - Cannot read IP mode file for STMicroelectronics.eDS-WB_DPC_3PH2L-BIDIR.1.1.1
2026-07-27 15:04:22,944 [WARN] PackLoader:240 - Cannot read IP mode file for RealThread.X-CUBE-RT-Thread_Nano.4.1.1
2026-07-27 15:04:22,988 [WARN] PackLoader:240 - Cannot read IP mode file for SEGGER.I-CUBE-embOS.1.3.1
2026-07-27 15:04:23,072 [WARN] PackLoader:240 - Cannot read IP mode file for emotas.I-CUBE-CANOPEN.1.3.0
2026-07-27 15:04:23,090 [WARN] PackLoader:240 - Cannot read IP mode file for WES.I-CUBE-Cesium.1.4.0
2026-07-27 15:04:23,104 [WARN] PackLoader:240 - Cannot read IP mode file for ITTIA_DB.I-CUBE-ITTIADB.8.9.0
2026-07-27 15:04:23,132 [WARN] PackLoader:240 - Cannot read IP mode file for Infineon.AIROC-Wi-Fi-Bluetooth-STM32.1.8.0
2026-07-27 15:04:23,153 [WARN] PackLoader:240 - Cannot read IP mode file for Cesanta.I-CUBE-Mongoose.7.21.7
2026-07-27 15:04:23,169 [WARN] PackLoader:240 - Cannot read IP mode file for EmbeddedOffice.I-CUBE-FS-RTOS.1.0.1
2026-07-27 15:04:23,177 [WARN] ConditionMgr:438 - getConditionDescription Invalid condition id : Cortex-A Device cause : null
2026-07-27 15:04:23,216 [WARN] ConditionMgr:1044 - genDependencies : Invalid condition id : Cortex-A Device cause : null
2026-07-27 15:04:23,218 [WARN] ConditionMgr:1044 - genDependencies : Invalid condition id : Cortex-A Device cause : null
2026-07-27 15:04:23,218 [WARN] ConditionMgr:1044 - genDependencies : Invalid condition id : Cortex-A Device cause : null
2026-07-27 15:04:23,239 [INFO] PopulateThirdPartyThread:66 - Ending populate Thread
2026-07-27 15:04:23,251 [INFO] ThirdParty:1030 - CMSIS Pack Vendor :STMicroelectronics X-CUBE-AZRTOS-H7 3.5.0
2026-07-27 15:04:23,251 [INFO] ThirdParty:1030 - CMSIS Pack Vendor :STMicroelectronics X-CUBE-PM33A1 1.0.0
2026-07-27 15:04:23,251 [INFO] ThirdParty:1030 - CMSIS Pack Vendor :STMicroelectronics X-CUBE-NFC9 1.0.0
2026-07-27 15:04:23,251 [INFO] ThirdParty:1030 - CMSIS Pack Vendor :STMicroelectronics FP-ATR-ASTRA1 2.0.3
2026-07-27 15:04:23,251 [INFO] ThirdParty:1030 - CMSIS Pack Vendor :STMicroelectronics X-CUBE-AZRTOS-F4 1.1.0
2026-07-27 15:04:23,251 [INFO] ThirdParty:1030 - CMSIS Pack Vendor :STMicroelectronics X-CUBE-BLE1 7.1.0
2026-07-27 15:04:23,251 [INFO] ThirdParty:1030 - CMSIS Pack Vendor :STMicroelectronics X-CUBE-ISPU 2.1.0
2026-07-27 15:04:23,251 [INFO] ThirdParty:1030 - CMSIS Pack Vendor :STMicroelectronics X-CUBE-EEPRMA1 5.2.0
2026-07-27 15:04:23,251 [INFO] ThirdParty:1030 - CMSIS Pack Vendor :STMicroelectronics X-CUBE-IPS 3.2.0
2026-07-27 15:04:23,251 [INFO] ThirdParty:1030 - CMSIS Pack Vendor :STMicroelectronics eDS-WB_DPC_TT-BIDIR 2.1.1
2026-07-27 15:04:23,251 [INFO] ThirdParty:1030 - CMSIS Pack Vendor :STMicroelectronics X-CUBE-AZRTOS-WB 2.0.0
2026-07-27 15:04:23,251 [INFO] ThirdParty:1030 - CMSIS Pack Vendor :STMicroelectronics X-CUBE-NFC12 1.0.0
2026-07-27 15:04:23,251 [INFO] ThirdParty:1030 - CMSIS Pack Vendor :STMicroelectronics X-CUBE-AZRTOS-F7 1.1.0
2026-07-27 15:04:23,251 [INFO] ThirdParty:1030 - CMSIS Pack Vendor :STMicroelectronics X-CUBE-AZRTOS-L5 2.0.0
2026-07-27 15:04:23,251 [INFO] ThirdParty:1030 - CMSIS Pack Vendor :STMicroelectronics X-CUBE-FREERTOS 1.6.0
2026-07-27 15:04:23,251 [INFO] ThirdParty:1030 - CMSIS Pack Vendor :STMicroelectronics FP-SNS-STAIOTCFT 1.1.0
2026-07-27 15:04:23,251 [INFO] ThirdParty:1030 - CMSIS Pack Vendor :quantropi X-CUBE-qispace-sdk-base 2.1.0
2026-07-27 15:04:23,251 [INFO] ThirdParty:1030 - CMSIS Pack Vendor :STMicroelectronics X-CUBE-STSE01 2.0.0
2026-07-27 15:04:23,251 [INFO] ThirdParty:1030 - CMSIS Pack Vendor :STMicroelectronics X-CUBE-ALGOBUILD 1.5.0
2026-07-27 15:04:23,251 [INFO] ThirdParty:1030 - CMSIS Pack Vendor :STMicroelectronics FP-SNS-MOTENV1 5.1.0
2026-07-27 15:04:23,251 [INFO] ThirdParty:1030 - CMSIS Pack Vendor :STMicroelectronics X-CUBE-AZRTOS-H7RS 1.3.0
2026-07-27 15:04:23,251 [INFO] ThirdParty:1030 - CMSIS Pack Vendor :STMicroelectronics X-CUBE-AZRTOS-G0 1.1.0
2026-07-27 15:04:23,251 [INFO] ThirdParty:1030 - CMSIS Pack Vendor :STMicroelectronics X-CUBE-NFC4 3.0.0
2026-07-27 15:04:23,251 [INFO] ThirdParty:1030 - CMSIS Pack Vendor :STMicroelectronics X-CUBE-SUBG2 5.0.0
2026-07-27 15:04:23,251 [INFO] ThirdParty:1030 - CMSIS Pack Vendor :STMicroelectronics eDS-WB_DPC_VIENNA 1.2.0
2026-07-27 15:04:23,251 [INFO] ThirdParty:1030 - CMSIS Pack Vendor :EmbeddedOffice I-CUBE-FS-RTOS 1.0.1
2026-07-27 15:04:23,251 [INFO] ThirdParty:1030 - CMSIS Pack Vendor :WES I-CUBE-Cesium 1.4.0
2026-07-27 15:04:23,251 [INFO] ThirdParty:1030 - CMSIS Pack Vendor :STMicroelectronics eDS-WB_DPC_3PH2L-BIDIR 1.1.1
2026-07-27 15:04:23,251 [INFO] ThirdParty:1030 - CMSIS Pack Vendor :STMicroelectronics X-CUBE-AZRTOS-G4 2.0.0
2026-07-27 15:04:23,251 [INFO] ThirdParty:1030 - CMSIS Pack Vendor :STMicroelectronics X-CUBE-DISPLAY 3.0.0
2026-07-27 15:04:23,251 [INFO] ThirdParty:1030 - CMSIS Pack Vendor :STMicroelectronics X-CUBE-NFC7 2.0.0
2026-07-27 15:04:23,251 [INFO] ThirdParty:1030 - CMSIS Pack Vendor :STMicroelectronics FP-SNS-MOTENVWB1 1.5.0
2026-07-27 15:04:23,251 [INFO] ThirdParty:1030 - CMSIS Pack Vendor :STMicroelectronics X-CUBE-GNSS1 7.1.1
2026-07-27 15:04:23,251 [INFO] ThirdParty:1030 - CMSIS Pack Vendor :STMicroelectronics X-CUBE-TCPP 4.2.0
2026-07-27 15:04:23,251 [INFO] ThirdParty:1030 - CMSIS Pack Vendor :RealThread X-CUBE-RT-Thread_Nano 4.1.1
2026-07-27 15:04:23,251 [INFO] ThirdParty:1030 - CMSIS Pack Vendor :STMicroelectronics FP-ATR-SIGFOX1 3.2.0
2026-07-27 15:04:23,251 [INFO] ThirdParty:1030 - CMSIS Pack Vendor :STMicroelectronics X-CUBE-NFC10 1.0.0
2026-07-27 15:04:23,251 [INFO] ThirdParty:1030 - CMSIS Pack Vendor :STMicroelectronics X-CUBE-ALS 1.0.2
2026-07-27 15:04:23,251 [INFO] ThirdParty:1030 - CMSIS Pack Vendor :STMicroelectronics X-CUBE-ST60 1.1.0
2026-07-27 15:04:23,251 [INFO] ThirdParty:1030 - CMSIS Pack Vendor :emotas I-CUBE-CANOPEN 1.3.0
2026-07-27 15:04:23,251 [INFO] ThirdParty:1030 - CMSIS Pack Vendor :ITTIA_DB I-CUBE-ITTIADB 8.9.0
2026-07-27 15:04:23,254 [INFO] ThirdParty:1030 - CMSIS Pack Vendor :Cesanta I-CUBE-Mongoose 7.21.7
2026-07-27 15:04:23,254 [INFO] ThirdParty:1030 - CMSIS Pack Vendor :STMicroelectronics X-CUBE-TOUCHGFX 4.26.1
2026-07-27 15:04:23,254 [INFO] ThirdParty:1030 - CMSIS Pack Vendor :STMicroelectronics X-CUBE-NFC6 3.2.0
2026-07-27 15:04:23,254 [INFO] ThirdParty:1030 - CMSIS Pack Vendor :STMicroelectronics FP-SNS-STBOX1 2.1.0
2026-07-27 15:04:23,254 [INFO] ThirdParty:1030 - CMSIS Pack Vendor :STMicroelectronics X-CUBE-AI 10.2.1
2026-07-27 15:04:23,254 [INFO] ThirdParty:1030 - CMSIS Pack Vendor :STMicroelectronics FP-SNS-SMARTAG2 1.2.0
2026-07-27 15:04:23,254 [INFO] ThirdParty:1030 - CMSIS Pack Vendor :STMicroelectronics X-CUBE-MEMS1 12.1.0
2026-07-27 15:04:23,254 [INFO] ThirdParty:1030 - CMSIS Pack Vendor :STMicroelectronics FP-SNS-FLIGHT1 5.1.0
2026-07-27 15:04:23,254 [INFO] ThirdParty:1030 - CMSIS Pack Vendor :STMicroelectronics X-CUBE-AZRTOS-WL 2.0.0
2026-07-27 15:04:23,254 [INFO] ThirdParty:1030 - CMSIS Pack Vendor :SEGGER I-CUBE-embOS 1.3.1
2026-07-27 15:04:23,254 [INFO] ThirdParty:1030 - CMSIS Pack Vendor :STMicroelectronics X-CUBE-DPower 1.3.0
2026-07-27 15:04:23,254 [INFO] ThirdParty:1030 - CMSIS Pack Vendor :STMicroelectronics X-CUBE-AZRTOS-L4 2.0.0
2026-07-27 15:04:23,254 [INFO] ThirdParty:1030 - CMSIS Pack Vendor :STMicroelectronics X-CUBE-SFXS2LP1 4.0.0
2026-07-27 15:04:23,254 [INFO] ThirdParty:1030 - CMSIS Pack Vendor :STMicroelectronics X-CUBE-BLE2 3.3.0
2026-07-27 15:04:23,254 [INFO] ThirdParty:1030 - CMSIS Pack Vendor :Avnet-IOTCONNECT X-CUBE-iotc-st67-sdk 1.0.0
2026-07-27 15:04:23,254 [INFO] ThirdParty:1030 - CMSIS Pack Vendor :STMicroelectronics X-CUBE-TOF1 3.4.3
2026-07-27 15:04:23,254 [INFO] ThirdParty:1030 - CMSIS Pack Vendor :Infineon AIROC-Wi-Fi-Bluetooth-STM32 1.8.0
2026-07-27 15:04:23,254 [INFO] ThirdParty:1030 - CMSIS Pack Vendor :STMicroelectronics X-CUBE-NFC13 1.0.0
2026-07-27 15:04:23,254 [INFO] ThirdParty:1030 - CMSIS Pack Vendor :STMicroelectronics X-CUBE-WB05N 2.1.0
2026-07-27 15:04:23,254 [INFO] LoadServerUpdatesThread:375 - End of LoadServerUpdate Thread
2026-07-27 15:07:00,980 [ERROR] LogOutputStream:75 - [STDERR_REDIRECT] 
