11:31:29 **** Incremental Build of configuration Debug for project Fourth_Project ****
make -j16 all 
arm-none-eabi-gcc "../Core/Src/main.c" -mcpu=cortex-m4 -std=gnu11 -g3 -DDEBUG -DUSE_HAL_DRIVER -DSTM32L4S5xx -c -I../Core/Inc -I../Drivers/STM32L4xx_HAL_Driver/Inc -I../Drivers/STM32L4xx_HAL_Driver/Inc/Legacy -I../Drivers/CMSIS/Device/ST/STM32L4xx/Include -I../Drivers/CMSIS/Include -O0 -ffunction-sections -fdata-sections -Wall -fstack-usage -fcyclomatic-complexity -MMD -MP -MF"Core/Src/main.d" -MT"Core/Src/main.o" --specs=nano.specs -mfpu=fpv4-sp-d16 -mfloat-abi=hard -mthumb -o "Core/Src/main.o"
arm-none-eabi-gcc "../Core/Src/stm32l4xx_hal_msp.c" -mcpu=cortex-m4 -std=gnu11 -g3 -DDEBUG -DUSE_HAL_DRIVER -DSTM32L4S5xx -c -I../Core/Inc -I../Drivers/STM32L4xx_HAL_Driver/Inc -I../Drivers/STM32L4xx_HAL_Driver/Inc/Legacy -I../Drivers/CMSIS/Device/ST/STM32L4xx/Include -I../Drivers/CMSIS/Include -O0 -ffunction-sections -fdata-sections -Wall -fstack-usage -fcyclomatic-complexity -MMD -MP -MF"Core/Src/stm32l4xx_hal_msp.d" -MT"Core/Src/stm32l4xx_hal_msp.o" --specs=nano.specs -mfpu=fpv4-sp-d16 -mfloat-abi=hard -mthumb -o "Core/Src/stm32l4xx_hal_msp.o"
arm-none-eabi-gcc "../Core/Src/stm32l4xx_it.c" -mcpu=cortex-m4 -std=gnu11 -g3 -DDEBUG -DUSE_HAL_DRIVER -DSTM32L4S5xx -c -I../Core/Inc -I../Drivers/STM32L4xx_HAL_Driver/Inc -I../Drivers/STM32L4xx_HAL_Driver/Inc/Legacy -I../Drivers/CMSIS/Device/ST/STM32L4xx/Include -I../Drivers/CMSIS/Include -O0 -ffunction-sections -fdata-sections -Wall -fstack-usage -fcyclomatic-complexity -MMD -MP -MF"Core/Src/stm32l4xx_it.d" -MT"Core/Src/stm32l4xx_it.o" --specs=nano.specs -mfpu=fpv4-sp-d16 -mfloat-abi=hard -mthumb -o "Core/Src/stm32l4xx_it.o"
arm-none-eabi-gcc -o "Fourth_Project.elf" @"objects.list"   -mcpu=cortex-m4 -T"C:\Users\MAITHRI\STM32CubeIDE\workspace_1.19.0\Fourth_Project\STM32L4S5VITX_FLASH.ld" --specs=nosys.specs -Wl,-Map="Fourth_Project.map" -Wl,--gc-sections -static --specs=nano.specs -mfpu=fpv4-sp-d16 -mfloat-abi=hard -mthumb -Wl,--start-group -lc -lm -Wl,--end-group
Finished building target: Fourth_Project.elf
 
arm-none-eabi-size  Fourth_Project.elf 
arm-none-eabi-objdump -h -S Fourth_Project.elf  > "Fourth_Project.list"
   text	   data	    bss	    dec	    hex	filename
  24384	    104	   2152	  26640	   6810	Fourth_Project.elf
Finished building: default.size.stdout
 
Finished building: Fourth_Project.list
 
11:31:40 **** Incremental Build of configuration Debug for project Fourth_Project ****
make -j16 all 
arm-none-eabi-size  Fourth_Project.elf 
   text	   data	    bss	    dec	    hex	filename
  24384	    104	   2152	  26640	   6810	Fourth_Project.elf
Finished building: default.size.stdout
 
11:38:53 **** Build of configuration Debug for project Fourth_Project ****
make -j16 all 
arm-none-eabi-size  Fourth_Project.elf 
   text	   data	    bss	    dec	    hex	filename
  24384	    104	   2152	  26640	   6810	Fourth_Project.elf
Finished building: default.size.stdout
 
